Files already downloaded and verified
Files already downloaded and verified
/projets/Zdehghani/torch_env/lib/python3.10/site-packages/torch/nn/modules/conv.py:456: UserWarning: Plan failed with a cudnnException: CUDNN_BACKEND_EXECUTION_PLAN_DESCRIPTOR: cudnnFinalize Descriptor Failed cudnn_status: CUDNN_STATUS_NOT_SUPPORTED (Triggered internally at ../aten/src/ATen/native/cudnn/Conv_v8.cpp:919.)
  return F.conv2d(input, weight, bias, self.stride,
[alignment] method=random_label class=0 seed=0 N=500000 M=500 real=1000 synthetic=4500 dim=512 checkpoint=/export/livia/home/vision/Zdehghani/classification/exps/cifar10_resnet18_forgetcls0/random_label/lr1e-07/ckpt_best_by_aus.pth
[alignment] method=random_label class=1 seed=0 N=500000 M=500 real=1000 synthetic=4500 dim=512 checkpoint=/export/livia/home/vision/Zdehghani/classification/exps/cifar10_resnet18_forgetcls1/random_label/lr1e-07/ckpt_best_by_aus.pth
Files already downloaded and verified
Files already downloaded and verified
/projets/Zdehghani/torch_env/lib/python3.10/site-packages/torch/nn/modules/conv.py:456: UserWarning: Plan failed with a cudnnException: CUDNN_BACKEND_EXECUTION_PLAN_DESCRIPTOR: cudnnFinalize Descriptor Failed cudnn_status: CUDNN_STATUS_NOT_SUPPORTED (Triggered internally at ../aten/src/ATen/native/cudnn/Conv_v8.cpp:919.)
  return F.conv2d(input, weight, bias, self.stride,
[alignment] method=random_label class=2 seed=0 N=500000 M=500 real=1000 synthetic=4500 dim=512 checkpoint=/export/livia/home/vision/Zdehghani/classification/exps/cifar10_resnet18_forgetcls2/random_label/lr1e-07/ckpt_best_by_aus.pth
[alignment] method=finetune class=0 seed=0 N=500000 M=500 real=1000 synthetic=4500 dim=512 checkpoint=/export/livia/home/vision/Zdehghani/classification/exps/cifar10_resnet18_forgetcls0/finetune/lr0.02/ckpt_best_by_aus.pth
Files already downloaded and verified
Files already downloaded and verified
/projets/Zdehghani/torch_env/lib/python3.10/site-packages/torch/nn/modules/conv.py:456: UserWarning: Plan failed with a cudnnException: CUDNN_BACKEND_EXECUTION_PLAN_DESCRIPTOR: cudnnFinalize Descriptor Failed cudnn_status: CUDNN_STATUS_NOT_SUPPORTED (Triggered internally at ../aten/src/ATen/native/cudnn/Conv_v8.cpp:919.)
  return F.conv2d(input, weight, bias, self.stride,
[alignment] method=random_label class=3 seed=0 N=500000 M=500 real=1000 synthetic=4500 dim=512 checkpoint=/export/livia/home/vision/Zdehghani/classification/exps/cifar10_resnet18_forgetcls3/random_label/lr1e-07/ckpt_best_by_aus.pth
Files already downloaded and verified
Files already downloaded and verified
[alignment] method=finetune class=1 seed=0 N=500000 M=500 real=1000 synthetic=4500 dim=512 checkpoint=/export/livia/home/vision/Zdehghani/classification/exps/cifar10_resnet18_forgetcls1/finetune/lr0.02/ckpt_best_by_aus.pth
/projets/Zdehghani/torch_env/lib/python3.10/site-packages/torch/nn/modules/conv.py:456: UserWarning: Plan failed with a cudnnException: CUDNN_BACKEND_EXECUTION_PLAN_DESCRIPTOR: cudnnFinalize Descriptor Failed cudnn_status: CUDNN_STATUS_NOT_SUPPORTED (Triggered internally at ../aten/src/ATen/native/cudnn/Conv_v8.cpp:919.)
  return F.conv2d(input, weight, bias, self.stride,
[alignment] method=gradient_ascent class=0 seed=0 N=500000 M=500 real=1000 synthetic=4500 dim=512 checkpoint=/export/livia/home/vision/Zdehghani/classification/exps/cifar10_resnet18_forgetcls0/gradient_ascent/lr5e-05/ckpt_best_by_aus.pth
[alignment] method=random_label class=4 seed=0 N=500000 M=500 real=1000 synthetic=4500 dim=512 checkpoint=/export/livia/home/vision/Zdehghani/classification/exps/cifar10_resnet18_forgetcls4/random_label/lr1e-07/ckpt_best_by_aus.pth
Files already downloaded and verified
Files already downloaded and verified
/projets/Zdehghani/torch_env/lib/python3.10/site-packages/torch/nn/modules/conv.py:456: UserWarning: Plan failed with a cudnnException: CUDNN_BACKEND_EXECUTION_PLAN_DESCRIPTOR: cudnnFinalize Descriptor Failed cudnn_status: CUDNN_STATUS_NOT_SUPPORTED (Triggered internally at ../aten/src/ATen/native/cudnn/Conv_v8.cpp:919.)
  return F.conv2d(input, weight, bias, self.stride,
Files already downloaded and verified
Files already downloaded and verified
/projets/Zdehghani/torch_env/lib/python3.10/site-packages/torch/nn/modules/conv.py:456: UserWarning: Plan failed with a cudnnException: CUDNN_BACKEND_EXECUTION_PLAN_DESCRIPTOR: cudnnFinalize Descriptor Failed cudnn_status: CUDNN_STATUS_NOT_SUPPORTED (Triggered internally at ../aten/src/ATen/native/cudnn/Conv_v8.cpp:919.)
  return F.conv2d(input, weight, bias, self.stride,
[alignment] method=finetune class=2 seed=0 N=500000 M=500 real=1000 synthetic=4500 dim=512 checkpoint=/export/livia/home/vision/Zdehghani/classification/exps/cifar10_resnet18_forgetcls2/finetune/lr0.02/ckpt_best_by_aus.pth
Files already downloaded and verified
Files already downloaded and verified
/projets/Zdehghani/torch_env/lib/python3.10/site-packages/torch/nn/modules/conv.py:456: UserWarning: Plan failed with a cudnnException: CUDNN_BACKEND_EXECUTION_PLAN_DESCRIPTOR: cudnnFinalize Descriptor Failed cudnn_status: CUDNN_STATUS_NOT_SUPPORTED (Triggered internally at ../aten/src/ATen/native/cudnn/Conv_v8.cpp:919.)
  return F.conv2d(input, weight, bias, self.stride,
[alignment] method=neggrad_plus class=0 seed=0 N=500000 M=500 real=1000 synthetic=4500 dim=512 checkpoint=/export/livia/home/vision/Zdehghani/classification/exps/cifar10_resnet18_forgetcls0/neggrad_plus/lr0.5/ckpt_best_by_aus.pth
[alignment] method=gradient_ascent class=1 seed=0 N=500000 M=500 real=1000 synthetic=4500 dim=512 checkpoint=/export/livia/home/vision/Zdehghani/classification/exps/cifar10_resnet18_forgetcls1/gradient_ascent/lr5e-05/ckpt_best_by_aus.pth
[alignment] method=random_label class=5 seed=0 N=500000 M=500 real=1000 synthetic=4500 dim=512 checkpoint=/export/livia/home/vision/Zdehghani/classification/exps/cifar10_resnet18_forgetcls5/random_label/lr1e-07/ckpt_best_by_aus.pth
[alignment] method=l2ul_adv class=0 seed=0 N=500000 M=500 real=1000 synthetic=4500 dim=512 checkpoint=/export/livia/home/vision/Zdehghani/classification/exps/cifar10_resnet18_forgetcls0/l2ul_adv/lr1e-05/ckpt_best_by_aus.pth
[alignment] method=boundary_shrink class=0 seed=0 N=500000 M=500 real=1000 synthetic=4500 dim=512 checkpoint=/export/livia/home/vision/Zdehghani/classification/exps/cifar10_resnet18_forgetcls0/boundary_shrink/lr1e-08/ckpt_best_by_aus.pth
[alignment] method=finetune class=3 seed=0 N=500000 M=500 real=1000 synthetic=4500 dim=512 checkpoint=/export/livia/home/vision/Zdehghani/classification/exps/cifar10_resnet18_forgetcls3/finetune/lr0.02/ckpt_best_by_aus.pth
[alignment] method=salun class=0 seed=0 N=500000 M=500 real=1000 synthetic=4500 dim=512 checkpoint=/export/livia/home/vision/Zdehghani/classification/exps/cifar10_resnet18_forgetcls0/salun/lr0.001/ckpt_best_by_aus.pth
[alignment] method=neggrad_plus class=1 seed=0 N=500000 M=500 real=1000 synthetic=4500 dim=512 checkpoint=/export/livia/home/vision/Zdehghani/classification/exps/cifar10_resnet18_forgetcls1/neggrad_plus/lr0.5/ckpt_best_by_aus.pth
[alignment] method=gradient_ascent class=2 seed=0 N=500000 M=500 real=1000 synthetic=4500 dim=512 checkpoint=/export/livia/home/vision/Zdehghani/classification/exps/cifar10_resnet18_forgetcls2/gradient_ascent/lr5e-05/ckpt_best_by_aus.pth
[alignment] method=random_label class=6 seed=0 N=500000 M=500 real=1000 synthetic=4500 dim=512 checkpoint=/export/livia/home/vision/Zdehghani/classification/exps/cifar10_resnet18_forgetcls6/random_label/lr1e-07/ckpt_best_by_aus.pth
[alignment] method=boundary_shrink class=1 seed=0 N=500000 M=500 real=1000 synthetic=4500 dim=512 checkpoint=/export/livia/home/vision/Zdehghani/classification/exps/cifar10_resnet18_forgetcls1/boundary_shrink/lr1e-08/ckpt_best_by_aus.pth
[alignment] method=finetune class=4 seed=0 N=500000 M=500 real=1000 synthetic=4500 dim=512 checkpoint=/export/livia/home/vision/Zdehghani/classification/exps/cifar10_resnet18_forgetcls4/finetune/lr0.02/ckpt_best_by_aus.pth
[alignment] method=l2ul_adv class=1 seed=0 N=500000 M=500 real=1000 synthetic=4500 dim=512 checkpoint=/export/livia/home/vision/Zdehghani/classification/exps/cifar10_resnet18_forgetcls1/l2ul_adv/lr1e-05/ckpt_best_by_aus.pth
[alignment] method=neggrad_plus class=2 seed=0 N=500000 M=500 real=1000 synthetic=4500 dim=512 checkpoint=/export/livia/home/vision/Zdehghani/classification/exps/cifar10_resnet18_forgetcls2/neggrad_plus/lr0.5/ckpt_best_by_aus.pth
[alignment] method=salun class=1 seed=0 N=500000 M=500 real=1000 synthetic=4500 dim=512 checkpoint=/export/livia/home/vision/Zdehghani/classification/exps/cifar10_resnet18_forgetcls1/salun/lr0.001/ckpt_best_by_aus.pth
[alignment] method=finetune class=5 seed=0 N=500000 M=500 real=1000 synthetic=4500 dim=512 checkpoint=/export/livia/home/vision/Zdehghani/classification/exps/cifar10_resnet18_forgetcls5/finetune/lr0.02/ckpt_best_by_aus.pth
[alignment] method=boundary_shrink class=2 seed=0 N=500000 M=500 real=1000 synthetic=4500 dim=512 checkpoint=/export/livia/home/vision/Zdehghani/classification/exps/cifar10_resnet18_forgetcls2/boundary_shrink/lr1e-08/ckpt_best_by_aus.pth
[alignment] method=gradient_ascent class=3 seed=0 N=500000 M=500 real=1000 synthetic=4500 dim=512 checkpoint=/export/livia/home/vision/Zdehghani/classification/exps/cifar10_resnet18_forgetcls3/gradient_ascent/lr5e-05/ckpt_best_by_aus.pth
[alignment] method=random_label class=7 seed=0 N=500000 M=500 real=1000 synthetic=4500 dim=512 checkpoint=/export/livia/home/vision/Zdehghani/classification/exps/cifar10_resnet18_forgetcls7/random_label/lr1e-07/ckpt_best_by_aus.pth
[alignment] method=neggrad_plus class=3 seed=0 N=500000 M=500 real=1000 synthetic=4500 dim=512 checkpoint=/export/livia/home/vision/Zdehghani/classification/exps/cifar10_resnet18_forgetcls3/neggrad_plus/lr0.5/ckpt_best_by_aus.pth
[alignment] method=l2ul_adv class=2 seed=0 N=500000 M=500 real=1000 synthetic=4500 dim=512 checkpoint=/export/livia/home/vision/Zdehghani/classification/exps/cifar10_resnet18_forgetcls2/l2ul_adv/lr1e-05/ckpt_best_by_aus.pth
[alignment] method=salun class=2 seed=0 N=500000 M=500 real=1000 synthetic=4500 dim=512 checkpoint=/export/livia/home/vision/Zdehghani/classification/exps/cifar10_resnet18_forgetcls2/salun/lr0.001/ckpt_best_by_aus.pth
[alignment] method=finetune class=6 seed=0 N=500000 M=500 real=1000 synthetic=4500 dim=512 checkpoint=/export/livia/home/vision/Zdehghani/classification/exps/cifar10_resnet18_forgetcls6/finetune/lr0.02/ckpt_best_by_aus.pth
[alignment] method=boundary_shrink class=3 seed=0 N=500000 M=500 real=1000 synthetic=4500 dim=512 checkpoint=/export/livia/home/vision/Zdehghani/classification/exps/cifar10_resnet18_forgetcls3/boundary_shrink/lr1e-08/ckpt_best_by_aus.pth
[alignment] method=neggrad_plus class=4 seed=0 N=500000 M=500 real=1000 synthetic=4500 dim=512 checkpoint=/export/livia/home/vision/Zdehghani/classification/exps/cifar10_resnet18_forgetcls4/neggrad_plus/lr0.5/ckpt_best_by_aus.pth
[alignment] method=gradient_ascent class=4 seed=0 N=500000 M=500 real=1000 synthetic=4500 dim=512 checkpoint=/export/livia/home/vision/Zdehghani/classification/exps/cifar10_resnet18_forgetcls4/gradient_ascent/lr5e-05/ckpt_best_by_aus.pth
[alignment] method=random_label class=8 seed=0 N=500000 M=500 real=1000 synthetic=4500 dim=512 checkpoint=/export/livia/home/vision/Zdehghani/classification/exps/cifar10_resnet18_forgetcls8/random_label/lr1e-07/ckpt_best_by_aus.pth
[alignment] method=finetune class=7 seed=0 N=500000 M=500 real=1000 synthetic=4500 dim=512 checkpoint=/export/livia/home/vision/Zdehghani/classification/exps/cifar10_resnet18_forgetcls7/finetune/lr0.02/ckpt_best_by_aus.pth
[alignment] method=l2ul_adv class=3 seed=0 N=500000 M=500 real=1000 synthetic=4500 dim=512 checkpoint=/export/livia/home/vision/Zdehghani/classification/exps/cifar10_resnet18_forgetcls3/l2ul_adv/lr1e-05/ckpt_best_by_aus.pth
[alignment] method=boundary_shrink class=4 seed=0 N=500000 M=500 real=1000 synthetic=4500 dim=512 checkpoint=/export/livia/home/vision/Zdehghani/classification/exps/cifar10_resnet18_forgetcls4/boundary_shrink/lr1e-08/ckpt_best_by_aus.pth
[alignment] method=salun class=3 seed=0 N=500000 M=500 real=1000 synthetic=4500 dim=512 checkpoint=/export/livia/home/vision/Zdehghani/classification/exps/cifar10_resnet18_forgetcls3/salun/lr0.001/ckpt_best_by_aus.pth
[alignment] method=neggrad_plus class=5 seed=0 N=500000 M=500 real=1000 synthetic=4500 dim=512 checkpoint=/export/livia/home/vision/Zdehghani/classification/exps/cifar10_resnet18_forgetcls5/neggrad_plus/lr0.5/ckpt_best_by_aus.pth
[alignment] method=random_label class=9 seed=0 N=500000 M=500 real=1000 synthetic=4500 dim=512 checkpoint=/export/livia/home/vision/Zdehghani/classification/exps/cifar10_resnet18_forgetcls9/random_label/lr1e-07/ckpt_best_by_aus.pth
[alignment] method=gradient_ascent class=5 seed=0 N=500000 M=500 real=1000 synthetic=4500 dim=512 checkpoint=/export/livia/home/vision/Zdehghani/classification/exps/cifar10_resnet18_forgetcls5/gradient_ascent/lr5e-05/ckpt_best_by_aus.pth
[alignment] method=finetune class=8 seed=0 N=500000 M=500 real=1000 synthetic=4500 dim=512 checkpoint=/export/livia/home/vision/Zdehghani/classification/exps/cifar10_resnet18_forgetcls8/finetune/lr0.02/ckpt_best_by_aus.pth
[alignment] method=boundary_shrink class=5 seed=0 N=500000 M=500 real=1000 synthetic=4500 dim=512 checkpoint=/export/livia/home/vision/Zdehghani/classification/exps/cifar10_resnet18_forgetcls5/boundary_shrink/lr1e-08/ckpt_best_by_aus.pth
[alignment] method=l2ul_adv class=4 seed=0 N=500000 M=500 real=1000 synthetic=4500 dim=512 checkpoint=/export/livia/home/vision/Zdehghani/classification/exps/cifar10_resnet18_forgetcls4/l2ul_adv/lr1e-05/ckpt_best_by_aus.pth
[alignment] method=neggrad_plus class=6 seed=0 N=500000 M=500 real=1000 synthetic=4500 dim=512 checkpoint=/export/livia/home/vision/Zdehghani/classification/exps/cifar10_resnet18_forgetcls6/neggrad_plus/lr0.5/ckpt_best_by_aus.pth
[alignment] method=salun class=4 seed=0 N=500000 M=500 real=1000 synthetic=4500 dim=512 checkpoint=/export/livia/home/vision/Zdehghani/classification/exps/cifar10_resnet18_forgetcls4/salun/lr0.001/ckpt_best_by_aus.pth
[alignment] method=finetune class=9 seed=0 N=500000 M=500 real=1000 synthetic=4500 dim=512 checkpoint=/export/livia/home/vision/Zdehghani/classification/exps/cifar10_resnet18_forgetcls9/finetune/lr0.02/ckpt_best_by_aus.pth
[alignment] method=retrained class=0 seed=0 N=500000 M=500 real=1000 synthetic=4500 dim=512 checkpoint=/export/livia/home/vision/Zdehghani/classification/exps/test_pretrained_model/cifar10_resnet18_retrain_forgetcls0_model.pth
[alignment] method=gradient_ascent class=6 seed=0 N=500000 M=500 real=1000 synthetic=4500 dim=512 checkpoint=/export/livia/home/vision/Zdehghani/classification/exps/cifar10_resnet18_forgetcls6/gradient_ascent/lr5e-05/ckpt_best_by_aus.pth
[alignment] method=boundary_shrink class=6 seed=0 N=500000 M=500 real=1000 synthetic=4500 dim=512 checkpoint=/export/livia/home/vision/Zdehghani/classification/exps/cifar10_resnet18_forgetcls6/boundary_shrink/lr1e-08/ckpt_best_by_aus.pth
[alignment] method=l2ul_adv class=5 seed=0 N=500000 M=500 real=1000 synthetic=4500 dim=512 checkpoint=/export/livia/home/vision/Zdehghani/classification/exps/cifar10_resnet18_forgetcls5/l2ul_adv/lr1e-05/ckpt_best_by_aus.pth
[alignment] method=neggrad_plus class=7 seed=0 N=500000 M=500 real=1000 synthetic=4500 dim=512 checkpoint=/export/livia/home/vision/Zdehghani/classification/exps/cifar10_resnet18_forgetcls7/neggrad_plus/lr0.5/ckpt_best_by_aus.pth
[alignment] method=retrained class=0 seed=0 N=500000 M=500 real=1000 synthetic=4500 dim=512 checkpoint=/export/livia/home/vision/Zdehghani/classification/exps/test_pretrained_model/cifar10_resnet18_retrain_forgetcls0_model.pth
[alignment] method=salun class=5 seed=0 N=500000 M=500 real=1000 synthetic=4500 dim=512 checkpoint=/export/livia/home/vision/Zdehghani/classification/exps/cifar10_resnet18_forgetcls5/salun/lr0.001/ckpt_best_by_aus.pth
[alignment] method=retrained class=1 seed=0 N=500000 M=500 real=1000 synthetic=4500 dim=512 checkpoint=/export/livia/home/vision/Zdehghani/classification/exps/test_pretrained_model/cifar10_resnet18_retrain_forgetcls1_model.pth
[alignment] method=boundary_shrink class=7 seed=0 N=500000 M=500 real=1000 synthetic=4500 dim=512 checkpoint=/export/livia/home/vision/Zdehghani/classification/exps/cifar10_resnet18_forgetcls7/boundary_shrink/lr1e-08/ckpt_best_by_aus.pth
[alignment] method=gradient_ascent class=7 seed=0 N=500000 M=500 real=1000 synthetic=4500 dim=512 checkpoint=/export/livia/home/vision/Zdehghani/classification/exps/cifar10_resnet18_forgetcls7/gradient_ascent/lr5e-05/ckpt_best_by_aus.pth
[alignment] method=retrained class=1 seed=0 N=500000 M=500 real=1000 synthetic=4500 dim=512 checkpoint=/export/livia/home/vision/Zdehghani/classification/exps/test_pretrained_model/cifar10_resnet18_retrain_forgetcls1_model.pth
[alignment] method=neggrad_plus class=8 seed=0 N=500000 M=500 real=1000 synthetic=4500 dim=512 checkpoint=/export/livia/home/vision/Zdehghani/classification/exps/cifar10_resnet18_forgetcls8/neggrad_plus/lr0.5/ckpt_best_by_aus.pth
[alignment] method=l2ul_adv class=6 seed=0 N=500000 M=500 real=1000 synthetic=4500 dim=512 checkpoint=/export/livia/home/vision/Zdehghani/classification/exps/cifar10_resnet18_forgetcls6/l2ul_adv/lr1e-05/ckpt_best_by_aus.pth
[alignment] method=boundary_shrink class=8 seed=0 N=500000 M=500 real=1000 synthetic=4500 dim=512 checkpoint=/export/livia/home/vision/Zdehghani/classification/exps/cifar10_resnet18_forgetcls8/boundary_shrink/lr1e-08/ckpt_best_by_aus.pth
[alignment] method=salun class=6 seed=0 N=500000 M=500 real=1000 synthetic=4500 dim=512 checkpoint=/export/livia/home/vision/Zdehghani/classification/exps/cifar10_resnet18_forgetcls6/salun/lr0.001/ckpt_best_by_aus.pth
[alignment] method=retrained class=2 seed=0 N=500000 M=500 real=1000 synthetic=4500 dim=512 checkpoint=/export/livia/home/vision/Zdehghani/classification/exps/test_pretrained_model/cifar10_resnet18_retrain_forgetcls2_model.pth
[alignment] method=retrained class=2 seed=0 N=500000 M=500 real=1000 synthetic=4500 dim=512 checkpoint=/export/livia/home/vision/Zdehghani/classification/exps/test_pretrained_model/cifar10_resnet18_retrain_forgetcls2_model.pth
[alignment] method=neggrad_plus class=9 seed=0 N=500000 M=500 real=1000 synthetic=4500 dim=512 checkpoint=/export/livia/home/vision/Zdehghani/classification/exps/cifar10_resnet18_forgetcls9/neggrad_plus/lr0.5/ckpt_best_by_aus.pth
[alignment] method=gradient_ascent class=8 seed=0 N=500000 M=500 real=1000 synthetic=4500 dim=512 checkpoint=/export/livia/home/vision/Zdehghani/classification/exps/cifar10_resnet18_forgetcls8/gradient_ascent/lr5e-05/ckpt_best_by_aus.pth
[alignment] method=boundary_shrink class=9 seed=0 N=500000 M=500 real=1000 synthetic=4500 dim=512 checkpoint=/export/livia/home/vision/Zdehghani/classification/exps/cifar10_resnet18_forgetcls9/boundary_shrink/lr1e-08/ckpt_best_by_aus.pth
[alignment] method=l2ul_adv class=7 seed=0 N=500000 M=500 real=1000 synthetic=4500 dim=512 checkpoint=/export/livia/home/vision/Zdehghani/classification/exps/cifar10_resnet18_forgetcls7/l2ul_adv/lr1e-05/ckpt_best_by_aus.pth
[alignment] method=retrained class=3 seed=0 N=500000 M=500 real=1000 synthetic=4500 dim=512 checkpoint=/export/livia/home/vision/Zdehghani/classification/exps/test_pretrained_model/cifar10_resnet18_retrain_forgetcls3_model.pth
[alignment] method=retrained class=0 seed=0 N=500000 M=500 real=1000 synthetic=4500 dim=512 checkpoint=/export/livia/home/vision/Zdehghani/classification/exps/test_pretrained_model/cifar10_resnet18_retrain_forgetcls0_model.pth
[alignment] method=salun class=7 seed=0 N=500000 M=500 real=1000 synthetic=4500 dim=512 checkpoint=/export/livia/home/vision/Zdehghani/classification/exps/cifar10_resnet18_forgetcls7/salun/lr0.001/ckpt_best_by_aus.pth
[alignment] method=retrained class=3 seed=0 N=500000 M=500 real=1000 synthetic=4500 dim=512 checkpoint=/export/livia/home/vision/Zdehghani/classification/exps/test_pretrained_model/cifar10_resnet18_retrain_forgetcls3_model.pth
[alignment] method=gradient_ascent class=9 seed=0 N=500000 M=500 real=1000 synthetic=4500 dim=512 checkpoint=/export/livia/home/vision/Zdehghani/classification/exps/cifar10_resnet18_forgetcls9/gradient_ascent/lr5e-05/ckpt_best_by_aus.pth
[alignment] method=retrained class=0 seed=0 N=500000 M=500 real=1000 synthetic=4500 dim=512 checkpoint=/export/livia/home/vision/Zdehghani/classification/exps/test_pretrained_model/cifar10_resnet18_retrain_forgetcls0_model.pth
[alignment] method=retrained class=4 seed=0 N=500000 M=500 real=1000 synthetic=4500 dim=512 checkpoint=/export/livia/home/vision/Zdehghani/classification/exps/test_pretrained_model/cifar10_resnet18_retrain_forgetcls4_model.pth
[alignment] method=retrained class=4 seed=0 N=500000 M=500 real=1000 synthetic=4500 dim=512 checkpoint=/export/livia/home/vision/Zdehghani/classification/exps/test_pretrained_model/cifar10_resnet18_retrain_forgetcls4_model.pth
[alignment] method=retrained class=1 seed=0 N=500000 M=500 real=1000 synthetic=4500 dim=512 checkpoint=/export/livia/home/vision/Zdehghani/classification/exps/test_pretrained_model/cifar10_resnet18_retrain_forgetcls1_model.pth
[alignment] method=l2ul_adv class=8 seed=0 N=500000 M=500 real=1000 synthetic=4500 dim=512 checkpoint=/export/livia/home/vision/Zdehghani/classification/exps/cifar10_resnet18_forgetcls8/l2ul_adv/lr1e-05/ckpt_best_by_aus.pth
[alignment] method=salun class=8 seed=0 N=500000 M=500 real=1000 synthetic=4500 dim=512 checkpoint=/export/livia/home/vision/Zdehghani/classification/exps/cifar10_resnet18_forgetcls8/salun/lr0.001/ckpt_best_by_aus.pth
[alignment] method=retrained class=0 seed=0 N=500000 M=500 real=1000 synthetic=4500 dim=512 checkpoint=/export/livia/home/vision/Zdehghani/classification/exps/test_pretrained_model/cifar10_resnet18_retrain_forgetcls0_model.pth
[alignment] method=retrained class=1 seed=0 N=500000 M=500 real=1000 synthetic=4500 dim=512 checkpoint=/export/livia/home/vision/Zdehghani/classification/exps/test_pretrained_model/cifar10_resnet18_retrain_forgetcls1_model.pth
[alignment] method=retrained class=2 seed=0 N=500000 M=500 real=1000 synthetic=4500 dim=512 checkpoint=/export/livia/home/vision/Zdehghani/classification/exps/test_pretrained_model/cifar10_resnet18_retrain_forgetcls2_model.pth
[alignment] method=retrained class=5 seed=0 N=500000 M=500 real=1000 synthetic=4500 dim=512 checkpoint=/export/livia/home/vision/Zdehghani/classification/exps/test_pretrained_model/cifar10_resnet18_retrain_forgetcls5_model.pth
[alignment] method=retrained class=5 seed=0 N=500000 M=500 real=1000 synthetic=4500 dim=512 checkpoint=/export/livia/home/vision/Zdehghani/classification/exps/test_pretrained_model/cifar10_resnet18_retrain_forgetcls5_model.pth
[alignment] method=l2ul_adv class=9 seed=0 N=500000 M=500 real=1000 synthetic=4500 dim=512 checkpoint=/export/livia/home/vision/Zdehghani/classification/exps/cifar10_resnet18_forgetcls9/l2ul_adv/lr1e-05/ckpt_best_by_aus.pth
[alignment] method=salun class=9 seed=0 N=500000 M=500 real=1000 synthetic=4500 dim=512 checkpoint=/export/livia/home/vision/Zdehghani/classification/exps/cifar10_resnet18_forgetcls9/salun/lr0.001/ckpt_best_by_aus.pth
[alignment] method=retrained class=2 seed=0 N=500000 M=500 real=1000 synthetic=4500 dim=512 checkpoint=/export/livia/home/vision/Zdehghani/classification/exps/test_pretrained_model/cifar10_resnet18_retrain_forgetcls2_model.pth
[alignment] method=retrained class=1 seed=0 N=500000 M=500 real=1000 synthetic=4500 dim=512 checkpoint=/export/livia/home/vision/Zdehghani/classification/exps/test_pretrained_model/cifar10_resnet18_retrain_forgetcls1_model.pth
[alignment] method=retrained class=3 seed=0 N=500000 M=500 real=1000 synthetic=4500 dim=512 checkpoint=/export/livia/home/vision/Zdehghani/classification/exps/test_pretrained_model/cifar10_resnet18_retrain_forgetcls3_model.pth
[alignment] method=retrained class=6 seed=0 N=500000 M=500 real=1000 synthetic=4500 dim=512 checkpoint=/export/livia/home/vision/Zdehghani/classification/exps/test_pretrained_model/cifar10_resnet18_retrain_forgetcls6_model.pth
[alignment] method=retrained class=6 seed=0 N=500000 M=500 real=1000 synthetic=4500 dim=512 checkpoint=/export/livia/home/vision/Zdehghani/classification/exps/test_pretrained_model/cifar10_resnet18_retrain_forgetcls6_model.pth
[alignment] method=retrained class=0 seed=0 N=500000 M=500 real=1000 synthetic=4500 dim=512 checkpoint=/export/livia/home/vision/Zdehghani/classification/exps/test_pretrained_model/cifar10_resnet18_retrain_forgetcls0_model.pth
[alignment] method=retrained class=0 seed=0 N=500000 M=500 real=1000 synthetic=4500 dim=512 checkpoint=/export/livia/home/vision/Zdehghani/classification/exps/test_pretrained_model/cifar10_resnet18_retrain_forgetcls0_model.pth
[alignment] method=retrained class=3 seed=0 N=500000 M=500 real=1000 synthetic=4500 dim=512 checkpoint=/export/livia/home/vision/Zdehghani/classification/exps/test_pretrained_model/cifar10_resnet18_retrain_forgetcls3_model.pth
[alignment] method=retrained class=4 seed=0 N=500000 M=500 real=1000 synthetic=4500 dim=512 checkpoint=/export/livia/home/vision/Zdehghani/classification/exps/test_pretrained_model/cifar10_resnet18_retrain_forgetcls4_model.pth
[alignment] method=retrained class=2 seed=0 N=500000 M=500 real=1000 synthetic=4500 dim=512 checkpoint=/export/livia/home/vision/Zdehghani/classification/exps/test_pretrained_model/cifar10_resnet18_retrain_forgetcls2_model.pth
[alignment] method=retrained class=1 seed=0 N=500000 M=500 real=1000 synthetic=4500 dim=512 checkpoint=/export/livia/home/vision/Zdehghani/classification/exps/test_pretrained_model/cifar10_resnet18_retrain_forgetcls1_model.pth
[alignment] method=retrained class=7 seed=0 N=500000 M=500 real=1000 synthetic=4500 dim=512 checkpoint=/export/livia/home/vision/Zdehghani/classification/exps/test_pretrained_model/cifar10_resnet18_retrain_forgetcls7_model.pth
[alignment] method=retrained class=7 seed=0 N=500000 M=500 real=1000 synthetic=4500 dim=512 checkpoint=/export/livia/home/vision/Zdehghani/classification/exps/test_pretrained_model/cifar10_resnet18_retrain_forgetcls7_model.pth
[alignment] method=retrained class=4 seed=0 N=500000 M=500 real=1000 synthetic=4500 dim=512 checkpoint=/export/livia/home/vision/Zdehghani/classification/exps/test_pretrained_model/cifar10_resnet18_retrain_forgetcls4_model.pth
[alignment] method=retrained class=5 seed=0 N=500000 M=500 real=1000 synthetic=4500 dim=512 checkpoint=/export/livia/home/vision/Zdehghani/classification/exps/test_pretrained_model/cifar10_resnet18_retrain_forgetcls5_model.pth
[alignment] method=retrained class=1 seed=0 N=500000 M=500 real=1000 synthetic=4500 dim=512 checkpoint=/export/livia/home/vision/Zdehghani/classification/exps/test_pretrained_model/cifar10_resnet18_retrain_forgetcls1_model.pth
[alignment] method=retrained class=3 seed=0 N=500000 M=500 real=1000 synthetic=4500 dim=512 checkpoint=/export/livia/home/vision/Zdehghani/classification/exps/test_pretrained_model/cifar10_resnet18_retrain_forgetcls3_model.pth
[alignment] method=retrained class=2 seed=0 N=500000 M=500 real=1000 synthetic=4500 dim=512 checkpoint=/export/livia/home/vision/Zdehghani/classification/exps/test_pretrained_model/cifar10_resnet18_retrain_forgetcls2_model.pth
[alignment] method=retrained class=5 seed=0 N=500000 M=500 real=1000 synthetic=4500 dim=512 checkpoint=/export/livia/home/vision/Zdehghani/classification/exps/test_pretrained_model/cifar10_resnet18_retrain_forgetcls5_model.pth
[alignment] method=retrained class=8 seed=0 N=500000 M=500 real=1000 synthetic=4500 dim=512 checkpoint=/export/livia/home/vision/Zdehghani/classification/exps/test_pretrained_model/cifar10_resnet18_retrain_forgetcls8_model.pth
[alignment] method=retrained class=8 seed=0 N=500000 M=500 real=1000 synthetic=4500 dim=512 checkpoint=/export/livia/home/vision/Zdehghani/classification/exps/test_pretrained_model/cifar10_resnet18_retrain_forgetcls8_model.pth
[alignment] method=retrained class=6 seed=0 N=500000 M=500 real=1000 synthetic=4500 dim=512 checkpoint=/export/livia/home/vision/Zdehghani/classification/exps/test_pretrained_model/cifar10_resnet18_retrain_forgetcls6_model.pth
[alignment] method=retrained class=2 seed=0 N=500000 M=500 real=1000 synthetic=4500 dim=512 checkpoint=/export/livia/home/vision/Zdehghani/classification/exps/test_pretrained_model/cifar10_resnet18_retrain_forgetcls2_model.pth
[alignment] method=retrained class=3 seed=0 N=500000 M=500 real=1000 synthetic=4500 dim=512 checkpoint=/export/livia/home/vision/Zdehghani/classification/exps/test_pretrained_model/cifar10_resnet18_retrain_forgetcls3_model.pth
[alignment] method=retrained class=4 seed=0 N=500000 M=500 real=1000 synthetic=4500 dim=512 checkpoint=/export/livia/home/vision/Zdehghani/classification/exps/test_pretrained_model/cifar10_resnet18_retrain_forgetcls4_model.pth
[alignment] method=retrained class=6 seed=0 N=500000 M=500 real=1000 synthetic=4500 dim=512 checkpoint=/export/livia/home/vision/Zdehghani/classification/exps/test_pretrained_model/cifar10_resnet18_retrain_forgetcls6_model.pth
[alignment] method=retrained class=7 seed=0 N=500000 M=500 real=1000 synthetic=4500 dim=512 checkpoint=/export/livia/home/vision/Zdehghani/classification/exps/test_pretrained_model/cifar10_resnet18_retrain_forgetcls7_model.pth
[alignment] method=retrained class=9 seed=0 N=500000 M=500 real=1000 synthetic=4500 dim=512 checkpoint=/export/livia/home/vision/Zdehghani/classification/exps/test_pretrained_model/cifar10_resnet18_retrain_forgetcls9_model.pth
[saved] /projets/Zdehghani/Source_Free_Class_Revival/results/alignment_analysis/random_label
[alignment] method=retrained class=9 seed=0 N=500000 M=500 real=1000 synthetic=4500 dim=512 checkpoint=/export/livia/home/vision/Zdehghani/classification/exps/test_pretrained_model/cifar10_resnet18_retrain_forgetcls9_model.pth
[saved] /projets/Zdehghani/Source_Free_Class_Revival/results/alignment_analysis/finetune
[alignment] method=retrained class=3 seed=0 N=500000 M=500 real=1000 synthetic=4500 dim=512 checkpoint=/export/livia/home/vision/Zdehghani/classification/exps/test_pretrained_model/cifar10_resnet18_retrain_forgetcls3_model.pth
[alignment] method=retrained class=4 seed=0 N=500000 M=500 real=1000 synthetic=4500 dim=512 checkpoint=/export/livia/home/vision/Zdehghani/classification/exps/test_pretrained_model/cifar10_resnet18_retrain_forgetcls4_model.pth
[alignment] method=retrained class=5 seed=0 N=500000 M=500 real=1000 synthetic=4500 dim=512 checkpoint=/export/livia/home/vision/Zdehghani/classification/exps/test_pretrained_model/cifar10_resnet18_retrain_forgetcls5_model.pth
[alignment] method=retrained class=7 seed=0 N=500000 M=500 real=1000 synthetic=4500 dim=512 checkpoint=/export/livia/home/vision/Zdehghani/classification/exps/test_pretrained_model/cifar10_resnet18_retrain_forgetcls7_model.pth
[alignment] method=retrained class=8 seed=0 N=500000 M=500 real=1000 synthetic=4500 dim=512 checkpoint=/export/livia/home/vision/Zdehghani/classification/exps/test_pretrained_model/cifar10_resnet18_retrain_forgetcls8_model.pth
[alignment] method=retrained class=4 seed=0 N=500000 M=500 real=1000 synthetic=4500 dim=512 checkpoint=/export/livia/home/vision/Zdehghani/classification/exps/test_pretrained_model/cifar10_resnet18_retrain_forgetcls4_model.pth
[alignment] method=retrained class=5 seed=0 N=500000 M=500 real=1000 synthetic=4500 dim=512 checkpoint=/export/livia/home/vision/Zdehghani/classification/exps/test_pretrained_model/cifar10_resnet18_retrain_forgetcls5_model.pth
[alignment] method=retrained class=6 seed=0 N=500000 M=500 real=1000 synthetic=4500 dim=512 checkpoint=/export/livia/home/vision/Zdehghani/classification/exps/test_pretrained_model/cifar10_resnet18_retrain_forgetcls6_model.pth
[alignment] method=retrained class=8 seed=0 N=500000 M=500 real=1000 synthetic=4500 dim=512 checkpoint=/export/livia/home/vision/Zdehghani/classification/exps/test_pretrained_model/cifar10_resnet18_retrain_forgetcls8_model.pth
[alignment] method=retrained class=9 seed=0 N=500000 M=500 real=1000 synthetic=4500 dim=512 checkpoint=/export/livia/home/vision/Zdehghani/classification/exps/test_pretrained_model/cifar10_resnet18_retrain_forgetcls9_model.pth
[saved] /projets/Zdehghani/Source_Free_Class_Revival/results/alignment_analysis/neggrad_plus
[alignment] method=retrained class=6 seed=0 N=500000 M=500 real=1000 synthetic=4500 dim=512 checkpoint=/export/livia/home/vision/Zdehghani/classification/exps/test_pretrained_model/cifar10_resnet18_retrain_forgetcls6_model.pth
[alignment] method=retrained class=7 seed=0 N=500000 M=500 real=1000 synthetic=4500 dim=512 checkpoint=/export/livia/home/vision/Zdehghani/classification/exps/test_pretrained_model/cifar10_resnet18_retrain_forgetcls7_model.pth
[alignment] method=retrained class=7 seed=0 N=500000 M=500 real=1000 synthetic=4500 dim=512 checkpoint=/export/livia/home/vision/Zdehghani/classification/exps/test_pretrained_model/cifar10_resnet18_retrain_forgetcls7_model.pth
[alignment] method=retrained class=8 seed=0 N=500000 M=500 real=1000 synthetic=4500 dim=512 checkpoint=/export/livia/home/vision/Zdehghani/classification/exps/test_pretrained_model/cifar10_resnet18_retrain_forgetcls8_model.pth
[alignment] method=retrained class=8 seed=0 N=500000 M=500 real=1000 synthetic=4500 dim=512 checkpoint=/export/livia/home/vision/Zdehghani/classification/exps/test_pretrained_model/cifar10_resnet18_retrain_forgetcls8_model.pth
[alignment] method=retrained class=9 seed=0 N=500000 M=500 real=1000 synthetic=4500 dim=512 checkpoint=/export/livia/home/vision/Zdehghani/classification/exps/test_pretrained_model/cifar10_resnet18_retrain_forgetcls9_model.pth
[saved] /projets/Zdehghani/Source_Free_Class_Revival/results/alignment_analysis/gradient_ascent
[alignment] method=retrained class=9 seed=0 N=500000 M=500 real=1000 synthetic=4500 dim=512 checkpoint=/export/livia/home/vision/Zdehghani/classification/exps/test_pretrained_model/cifar10_resnet18_retrain_forgetcls9_model.pth
[saved] /projets/Zdehghani/Source_Free_Class_Revival/results/alignment_analysis/salun
[alignment] method=retrained class=5 seed=0 N=500000 M=500 real=1000 synthetic=4500 dim=512 checkpoint=/export/livia/home/vision/Zdehghani/classification/exps/test_pretrained_model/cifar10_resnet18_retrain_forgetcls5_model.pth
[alignment] method=retrained class=9 seed=0 N=500000 M=500 real=1000 synthetic=4500 dim=512 checkpoint=/export/livia/home/vision/Zdehghani/classification/exps/test_pretrained_model/cifar10_resnet18_retrain_forgetcls9_model.pth
[saved] /projets/Zdehghani/Source_Free_Class_Revival/results/alignment_analysis/boundary_shrink
[alignment] method=retrained class=6 seed=0 N=500000 M=500 real=1000 synthetic=4500 dim=512 checkpoint=/export/livia/home/vision/Zdehghani/classification/exps/test_pretrained_model/cifar10_resnet18_retrain_forgetcls6_model.pth
[alignment] method=retrained class=7 seed=0 N=500000 M=500 real=1000 synthetic=4500 dim=512 checkpoint=/export/livia/home/vision/Zdehghani/classification/exps/test_pretrained_model/cifar10_resnet18_retrain_forgetcls7_model.pth
[alignment] method=retrained class=8 seed=0 N=500000 M=500 real=1000 synthetic=4500 dim=512 checkpoint=/export/livia/home/vision/Zdehghani/classification/exps/test_pretrained_model/cifar10_resnet18_retrain_forgetcls8_model.pth
[alignment] method=retrained class=9 seed=0 N=500000 M=500 real=1000 synthetic=4500 dim=512 checkpoint=/export/livia/home/vision/Zdehghani/classification/exps/test_pretrained_model/cifar10_resnet18_retrain_forgetcls9_model.pth
[saved] /projets/Zdehghani/Source_Free_Class_Revival/results/alignment_analysis/l2ul_adv
